// Vitest Snapshot v1, https://vitest.dev/guide/snapshot.html

exports[`Pruebas en Entry Component > debe hacer match con el snapshot 1`] = `
"<div data-v-4a9e2957="" class="entry-container mb-3 pointer p-2">
  <div data-v-4a9e2957="" class="entry-title d-flex"><span data-v-4a9e2957="" class="text-success fs-5 fw-bold">4</span><span data-v-4a9e2957="" class="mx-1 fs-5">Enero</span><span data-v-4a9e2957="" class="mx-2 fw-light">2024, Jueves</span></div>
  <div data-v-4a9e2957="" class="entry-description">Hoy es un buen d√≠a para aprender Vue</div>
</div>"
`;
