// Vitest Snapshot v1, https://vitest.dev/guide/snapshot.html

exports[`Navbar component > debe mostrar el componente correctamente 1`] = `[Function]`;
