// Vitest Snapshot v1, https://vitest.dev/guide/snapshot.html

exports[`Login component > debe hacer match con el snapshot 1`] = `
"<span class="login100-form-title p-b-41"> Ingresar </span>
<form class="login100-form validate-form p-b-33 p-t-5">
  <div class="wrap-input100 validate-input" data-validate="Igresar email"><input class="input100" type="text" placeholder="Correo" required=""><span class="focus-input100" data-placeholder=""></span></div>
  <div class="wrap-input100 validate-input" data-validate="Ingresar contraseña"><input class="input100" type="password" placeholder="Contraseña" required=""><span class="focus-input100" data-placeholder=""></span></div>
  <div class="container-login100-form-btn m-t-32"><button type="submit" class="login100-form-btn">Login</button></div>
  <div class="container-login100-form-btn m-t-32">
    <router-link-stub to="[object Object]" replace="false" custom="false" ariacurrentvalue="page"></router-link-stub>
  </div>
</form>"
`;
