// Vitest Snapshot v1, https://vitest.dev/guide/snapshot.html

exports[`Pruebas en el Home View > debe renderizar el componente correctamente 1`] = `
"<main>
  <h1>Hola mundo</h1><button class="btn btn-primary">Primary</button><button class="btn btn-secondary">Secondary</button><button class="btn btn-success">Success</button>
</main>"
`;
